// Vitest Snapshot v1, https://vitest.dev/guide/snapshot.html

exports[`Parser > should return error if file not found 1`] = `[Error: Error reading file: Error: ENOENT: no such file or directory, open './patterns/invalid2.rle']`;

exports[`Parser > should return error if header not found 1`] = `[Error: Error reading file: Error: Invalid header format]`;
